#-----------------------------------------------------------
# Vivado v2025.2 (64-bit)
# SW Build 6299465 on Fri Nov 14 19:35:11 GMT 2025
# IP Build 6300035 on Fri Nov 14 10:48:45 MST 2025
# SharedData Build 6298862 on Thu Nov 13 04:50:51 MST 2025
# Start of session at: Thu Jun  4 20:56:41 2026
# Process ID         : 26496
# Current directory  : D:/LogicDesignLab/lab8/vivado_project
# Command line       : vivado.exe -gui_launcher_event rodinguilauncherevent5880 D:\LogicDesignLab\lab8\vivado_project\Pixel_Runner.xpr
# Log file           : D:/LogicDesignLab/lab8/vivado_project/vivado.log
# Journal file       : D:/LogicDesignLab/lab8/vivado_project\vivado.jou
# Running On         : LAPTOP-L8B3PG7A
# Platform           : Windows Server 2016 or Windows 10
# Operating System   : 26200
# Processor Detail   : Intel(R) Core(TM) Ultra 7 155H
# CPU Frequency      : 2995 MHz
# CPU Physical cores : 16
# CPU Logical cores  : 22
# Host memory        : 34046 MB
# Swap memory        : 2147 MB
# Total Virtual      : 36194 MB
# Available Virtual  : 16856 MB
#-----------------------------------------------------------
start_guioopen_project D:/LogicDesignLab/lab8/vivado_project/Pixel_Runner.xpruupdate_compile_order -fileset sources_1
add_files -norecurse {D:/LogicDesignLab/lab8/src/rtl/siginal2display.v D:/LogicDesignLab/lab8/src/rtl/practice1.v D:/LogicDesignLab/lab8/src/rtl/freq_div.v D:/LogicDesignLab/lab8/src/rtl/map.v}
update_compile_order -fileset sources_1
update_compile_order -fileset sources_1
launch_runs synth_1 -jobs 8
wait_on_run synth_1
add_files -norecurse D:/LogicDesignLab/lab8/src/rtl/map.v
update_compile_order -fileset sources_1
reset_run synth_1
launch_runs synth_1 -jobs 8
wait_on_run synth_1
update_compile_order -fileset sources_1
reset_run synth_1
launch_runs synth_1 -jobs 8
wait_on_run synth_1
reset_run synth_1
launch_runs synth_1 -jobs 8
wait_on_run synth_1
update_compile_order -fileset sources_1
update_compile_order -fileset sources_1
reset_run synth_1
launch_runs synth_1 -jobs 8
wait_on_run synth_1
reset_run synth_1
launch_runs synth_1 -jobs 8
wait_on_run synth_1
reset_run synth_1
launch_runs synth_1 -jobs 8
launch_runs synth_1 -jobs 8
wait_on_run synth_1
reset_run synth_1
update_compile_order -fileset sources_1
launch_runs synth_1 -jobs 8
wait_on_run synth_1
reset_run synth_1
launch_runs synth_1 -jobs 8
wait_on_run synth_1
launch_runs impl_1 -to_step write_bitstream -jobs 8
wait_on_run impl_1
open_run impl_1
reset_run impl_1 -prev_step 
launch_runs impl_1 -to_step write_bitstream -jobs 8
wait_on_run impl_1
open_run impl_1
reset_run impl_1 -prev_step 
launch_runs impl_1 -to_step write_bitstream -jobs 8
wait_on_run impl_1
close_design
add_files -fileset constrs_1 -norecurse {{D:/LogicDesignLab/lab8/src/constrain/PYNQ-Z2 v1.0.xdc}}
reset_run synth_1
launch_runs impl_1 -to_step write_bitstream -jobs 8
wait_on_run impl_1
open_run impl_1
open_hw_manager
connect_hw_server -allow_non_jtag
open_hw_target
set_property PROGRAM.FILE {D:/LogicDesignLab/lab8/vivado_project/Pixel_Runner.runs/impl_1/practice1.bit} [get_hw_devices xc7z020_1]
current_hw_device [get_hw_devices xc7z020_1]
refresh_hw_device -update_hw_probes false [lindex [get_hw_devices xc7z020_1] 0]
set_property PROBES.FILE {} [get_hw_devices xc7z020_1]
set_property FULL_PROBES.FILE {} [get_hw_devices xc7z020_1]
set_property PROGRAM.FILE {D:/LogicDesignLab/lab8/vivado_project/Pixel_Runner.runs/impl_1/practice1.bit} [get_hw_devices xc7z020_1]
program_hw_devices [get_hw_devices xc7z020_1]
refresh_hw_device [lindex [get_hw_devices xc7z020_1] 0]
set_property PROBES.FILE {} [get_hw_devices xc7z020_1]
set_property FULL_PROBES.FILE {} [get_hw_devices xc7z020_1]
set_property PROGRAM.FILE {D:/LogicDesignLab/lab8/vivado_project/Pixel_Runner.runs/impl_1/practice1.bit} [get_hw_devices xc7z020_1]
program_hw_devices [get_hw_devices xc7z020_1]
refresh_hw_device [lindex [get_hw_devices xc7z020_1] 0]
close_hw_manager
